[0m03:03:06.130930 [debug] [MainThread]: Sending event: {'category': 'dbt', 'action': 'invocation', 'label': 'start', 'context': [<snowplow_tracker.self_describing_json.SelfDescribingJson object at 0x0000026981CC84D0>, <snowplow_tracker.self_describing_json.SelfDescribingJson object at 0x0000026983C8BFE0>, <snowplow_tracker.self_describing_json.SelfDescribingJson object at 0x0000026983A82330>]}


============================== 03:03:06.135019 | 2eeda081-0f62-42e8-acc7-d0a725fc4bee ==============================
[0m03:03:06.135019 [info ] [MainThread]: Running with dbt=1.12.0
[0m03:03:06.135019 [debug] [MainThread]: running dbt with arguments {'version_check': 'True', 'no_print': 'None', 'maximum_seed_size_mib': '1', 'target_path': 'None', 'warn_error_options': 'WarnErrorOptionsV2(error=[], warn=[], silence=[])', 'static_parser': 'True', 'printer_width': '80', 'write_json': 'True', 'empty': 'None', 'log_cache_events': 'False', 'introspect': 'True', 'cache_selected_only': 'False', 'log_format': 'default', 'debug': 'False', 'fail_fast': 'False', 'partial_parse': 'True', 'send_anonymous_usage_stats': 'True', 'quiet': 'False', 'warn_error': 'None', 'profiles_dir': 'C:\\Users\\athar\\.dbt', 'invocation_command': 'dbt init tpch_dbt', 'hints_enabled': 'True', 'use_colors': 'True', 'use_experimental_parser': 'False', 'indirect_selection': 'eager', 'log_path': 'logs'}
[0m03:03:06.151060 [debug] [MainThread]: Starter project path: D:\ProjectUsingClaude\tpch-dbt-project\.venv\Lib\site-packages\dbt\include\starter_project
[0m03:03:06.162054 [info ] [MainThread]: Setting up your profile.
[0m03:03:09.840261 [debug] [MainThread]: Snowflake adapter: Setting snowflake.connector to ERROR (file logging only)
[0m03:03:09.840261 [debug] [MainThread]: Snowflake adapter: Setting botocore to ERROR (file logging only)
[0m03:03:09.840261 [debug] [MainThread]: Snowflake adapter: Setting boto3 to ERROR (file logging only)
[0m03:04:57.360105 [info ] [MainThread]: Profile tpch_dbt written to C:\Users\athar\.dbt\profiles.yml using target's profile_template.yml and your supplied values.
[0m03:04:57.368324 [info ] [MainThread]: Running dbt debug to validate the project...
[0m03:04:57.368324 [info ] [MainThread]: dbt version: 1.12.0
[0m03:04:57.369325 [info ] [MainThread]: python version: 3.12.13
[0m03:04:57.369325 [info ] [MainThread]: python path: D:\ProjectUsingClaude\tpch-dbt-project\.venv\Scripts\python.exe
[0m03:04:57.369325 [info ] [MainThread]: os info: Windows-11-10.0.26200-SP0
[0m03:04:57.425278 [info ] [MainThread]: Using profiles dir at C:\Users\athar\.dbt
[0m03:04:57.426278 [info ] [MainThread]: Using profiles.yml file at C:\Users\athar\.dbt\profiles.yml
[0m03:04:57.426845 [info ] [MainThread]: Using dbt_project.yml file at D:\ProjectUsingClaude\tpch-dbt-project\tpch_dbt\dbt_project.yml
[0m03:04:57.431021 [info ] [MainThread]: adapter type: snowflake
[0m03:04:57.432024 [info ] [MainThread]: adapter version: 1.12.0
[0m03:04:57.541347 [info ] [MainThread]: Configuration:
[0m03:04:57.542349 [info ] [MainThread]:   profiles.yml file [[32mOK found and valid[0m]
[0m03:04:57.542349 [info ] [MainThread]:   dbt_project.yml file [[32mOK found and valid[0m]
[0m03:04:57.543352 [info ] [MainThread]: Required dependencies:
[0m03:04:57.543352 [debug] [MainThread]: Executing "git --help"
[0m03:04:57.590111 [debug] [MainThread]: STDOUT: "b"usage: git [-v | --version] [-h | --help] [-C <path>] [-c <name>=<value>]\n           [--exec-path[=<path>]] [--html-path] [--man-path] [--info-path]\n           [-p | --paginate | -P | --no-pager] [--no-replace-objects] [--no-lazy-fetch]\n           [--no-optional-locks] [--no-advice] [--bare] [--git-dir=<path>]\n           [--work-tree=<path>] [--namespace=<name>] [--config-env=<name>=<envvar>]\n           <command> [<args>]\n\nThese are common Git commands used in various situations:\n\nstart a working area (see also: git help tutorial)\n   clone      Clone a repository into a new directory\n   init       Create an empty Git repository or reinitialize an existing one\n\nwork on the current change (see also: git help everyday)\n   add        Add file contents to the index\n   mv         Move or rename a file, a directory, or a symlink\n   restore    Restore working tree files\n   rm         Remove files from the working tree and from the index\n\nexamine the history and state (see also: git help revisions)\n   bisect     Use binary search to find the commit that introduced a bug\n   diff       Show changes between commits, commit and working tree, etc\n   grep       Print lines matching a pattern\n   log        Show commit logs\n   show       Show various types of objects\n   status     Show the working tree status\n\ngrow, mark and tweak your common history\n   backfill   Download missing objects in a partial clone\n   branch     List, create, or delete branches\n   commit     Record changes to the repository\n   merge      Join two or more development histories together\n   rebase     Reapply commits on top of another base tip\n   reset      Reset current HEAD to the specified state\n   switch     Switch branches\n   tag        Create, list, delete or verify tags\n\ncollaborate (see also: git help workflows)\n   fetch      Download objects and refs from another repository\n   pull       Fetch from and integrate with another repository or a local branch\n   push       Update remote refs along with associated objects\n\n'git help -a' and 'git help -g' list available subcommands and some\nconcept guides. See 'git help <command>' or 'git help <concept>'\nto read about a specific subcommand or concept.\nSee 'git help git' for an overview of the system.\n""
[0m03:04:57.590111 [debug] [MainThread]: STDERR: "b''"
[0m03:04:57.591101 [info ] [MainThread]:  - git [[32mOK found[0m]

[0m03:04:57.591101 [info ] [MainThread]: Connection:
[0m03:04:57.591101 [info ] [MainThread]:   account: https://icohtsf-ty37348.snowflakecomputing.com
[0m03:04:57.592100 [info ] [MainThread]:   user: ABHUSARI
[0m03:04:57.592100 [info ] [MainThread]:   database: TPCH_DBT
[0m03:04:57.593101 [info ] [MainThread]:   warehouse: COMPUTE_WH
[0m03:04:57.593530 [info ] [MainThread]:   role: SYSADMIN
[0m03:04:57.594651 [info ] [MainThread]:   schema: DBT_DEV
[0m03:04:57.594651 [info ] [MainThread]:   authenticator: None
[0m03:04:57.595651 [info ] [MainThread]:   oauth_client_id: None
[0m03:04:57.595651 [info ] [MainThread]:   query_tag: None
[0m03:04:57.596957 [info ] [MainThread]:   client_session_keep_alive: False
[0m03:04:57.596957 [info ] [MainThread]:   host: None
[0m03:04:57.596957 [info ] [MainThread]:   port: None
[0m03:04:57.597955 [info ] [MainThread]:   proxy_host: None
[0m03:04:57.597955 [info ] [MainThread]:   proxy_port: None
[0m03:04:57.597955 [info ] [MainThread]:   protocol: None
[0m03:04:57.598955 [info ] [MainThread]:   connect_retries: 1
[0m03:04:57.598955 [info ] [MainThread]:   connect_timeout: None
[0m03:04:57.598955 [info ] [MainThread]:   retry_on_database_errors: False
[0m03:04:57.599946 [info ] [MainThread]:   retry_all: False
[0m03:04:57.599946 [info ] [MainThread]:   insecure_mode: False
[0m03:04:57.600949 [info ] [MainThread]:   reuse_connections: True
[0m03:04:57.600949 [info ] [MainThread]:   s3_stage_vpce_dns_name: None
[0m03:04:57.601950 [info ] [MainThread]:   workload_identity_provider: None
[0m03:04:57.601950 [info ] [MainThread]:   workload_identity_entra_resource: None
[0m03:04:57.602544 [info ] [MainThread]:   platform_detection_timeout_seconds: 0.0
[0m03:04:57.602544 [info ] [MainThread]: Registered adapter: snowflake=1.12.0
[0m03:04:57.934042 [debug] [MainThread]: Acquiring new snowflake connection 'debug'
[0m03:04:57.940884 [debug] [MainThread]: Using snowflake connection "debug"
[0m03:04:57.942888 [debug] [MainThread]: On debug: select 1 as id
[0m03:04:57.942888 [debug] [MainThread]: Opening a new connection, currently in state init
[0m03:04:57.942888 [debug] [MainThread]: Snowflake adapter: Error running SQL: select 1 as id
[0m03:04:57.942888 [debug] [MainThread]: Snowflake adapter: Rolling back transaction.
[0m03:04:57.942888 [info ] [MainThread]:   Connection test: [[31mERROR[0m]

[0m03:04:57.942888 [info ] [MainThread]: [31m1 check failed:[0m
[0m03:04:57.942888 [info ] [MainThread]: dbt was unable to connect to the specified database.
The database returned the following error:

  >Database Error
  251001: Invalid account identifier: only letters, digits, '_' and '-' allowed; no dots or slashes

Check your database credentials and try again. For more information, visit:
https://docs.getdbt.com/docs/configure-your-profile


[0m03:04:57.942888 [info ] [MainThread]: Your new dbt project "tpch_dbt" was created!
Initialized new project in D:\ProjectUsingClaude\tpch-dbt-project\tpch_dbt\tpch_dbt

For more information on how to configure the profiles.yml file,
please consult the dbt documentation here:

  https://docs.getdbt.com/docs/configure-your-profile

One more thing:

Need help? Don't hesitate to reach out to us via GitHub issues or on Slack:

  https://community.getdbt.com/

Happy modeling!

[0m03:04:57.942888 [info ] [MainThread]: [31mYour profile may need adjustments. You can find the logs of `dbt debug` above[0m
[0m03:04:57.942888 [debug] [MainThread]: Command `dbt init` succeeded at 03:04:57.942888 after 111.98 seconds
[0m03:04:57.942888 [debug] [MainThread]: Connection 'debug' was left open.
[0m03:04:57.942888 [debug] [MainThread]: On debug: No close available on handle
[0m03:04:57.942888 [debug] [MainThread]: Sending event: {'category': 'dbt', 'action': 'invocation', 'label': 'end', 'context': [<snowplow_tracker.self_describing_json.SelfDescribingJson object at 0x0000026985EE92B0>, <snowplow_tracker.self_describing_json.SelfDescribingJson object at 0x0000026987573140>, <snowplow_tracker.self_describing_json.SelfDescribingJson object at 0x000002698737EFF0>]}
[0m03:04:57.942888 [debug] [MainThread]: Flushing usage events
[0m03:04:58.222040 [debug] [MainThread]: An error was encountered while trying to flush usage events
